[myungjeejung.com/index.html]
[backblue.gif]
[fade.gif]
[index.html]
[myungjeejung.com/comments/feed/index.html]
[myungjeejung.com/feed/index.html]
[myungjeejung.com/wp-json/wp/v2/pages/17.json]
[myungjeejung.com/wp-json/index.html]
[myungjeejung.com/xmlrpc0db0.php]
[myungjeejung.com/wp-includes/wlwmanifest.xml]
[myungjeejung.com/wp-json/oembed/1.0/embeda4cb.json]
[myungjeejung.com/wp-json/oembed/1.0/embed335f]
[myungjeejung.com/wp-content/uploads/2019/11/cropped-profile-1-1-32x32.png]
[myungjeejung.com/wp-content/uploads/2019/11/cropped-profile-1-1-192x192.png]
[myungjeejung.com/wp-content/uploads/2019/11/cropped-profile-1-1-180x180.png]
[myungjeejung.com/wp-content/uploads/2019/11/cropped-default-3.png]
[myungjeejung.com/wp-content/uploads/2019/11/독어독문학과_정명지_2010313138_A6_증명-731x1024.jpg]
[myungjeejung.com/portfolio/index.html]
[myungjeejung.com/about/index.html]
[myungjeejung.com/hobby/index.html]
[myungjeejung.com/wp-content/uploads/2020/11/skillset-618x1024.png]
[myungjeejung.com/wp-content/uploads/2019/11/logoSept2018-1024x271.png]
[myungjeejung.com/wp-content/uploads/2019/12/Screenshot-94.png]
[myungjeejung.com/wp-content/uploads/2019/12/LibraryPrototype04-1-1024x814.png]
[myungjeejung.com/wp-content/uploads/2019/12/Screenshot-36-988x1024.png]
[myungjeejung.com/wp-content/uploads/2019/12/Screenshot-78-1024x734.png]
[myungjeejung.com/wp-content/uploads/2019/12/Screenshot-118-1024x694.png]
[myungjeejung.com/wp-content/uploads/2019/12/unnamed.png]
[myungjeejung.com/wp-content/uploads/2019/12/pastedImage0-1.png]
[myungjeejung.com/wp-content/uploads/2019/12/pastedImage0.png]
[myungjeejung.com/wp-content/uploads/2019/12/01_Intro02-724x1024.png]
[myungjeejung.com/wp-content/uploads/2019/12/02_Controller01-1-724x1024.png]
[myungjeejung.com/wp-content/uploads/2019/12/07_Screen-724x1024.png]
[myungjeejung.com/wp-content/uploads/2019/12/08_Teacher-724x1024.png]
[myungjeejung.com/wp-content/uploads/2019/12/01_Intro03-1-724x1024.png]
[myungjeejung.com/wp-content/uploads/2019/12/DuplicateLibrarySnapping01-724x1024.png]
[myungjeejung.com/wp-content/uploads/2019/12/DuplicateLibrarySnapping02-724x1024.png]
[myungjeejung.com/wp-content/uploads/2019/12/Cranev2.0-724x1024.png]
[myungjeejung.com/wp-content/uploads/2019/12/LibraryRotation01-724x1024.png]
[myungjeejung.com/wp-content/uploads/2019/12/AssemblyDragUpMaps-1024x724.png]
[myungjeejung.com/wp-content/uploads/2019/12/IMG_20191211_014004_576-1024x768.jpg]
[myungjeejung.com/wp-content/uploads/2019/12/IMG_20191211_013924_331-1024x576.jpg]
[myungjeejung.com/wp-content/uploads/2019/11/Screenshot-32.png]
[myungjeejung.com/wp-content/uploads/2019/11/Screenshot-33.png]
[myungjeejung.com/wp-content/uploads/2019/11/Screenshot-34.png]
[myungjeejung.com/wp-content/uploads/2019/11/Screenshot-35-1024x571.png]
[myungjeejung.com/wp-content/uploads/2019/11/Screenshot-36.png]
[myungjeejung.com/wp-content/uploads/2019/11/Screenshot-37.png]
[myungjeejung.com/wp-content/uploads/2019/11/Screenshot-38.png]
[myungjeejung.com/wp-content/uploads/2019/11/Screenshot-41.png]
[myungjeejung.com/wp-content/uploads/2019/11/Screenshot-39.png]
[myungjeejung.com/wp-content/uploads/2019/11/Screenshot-40.png]
[myungjeejung.com/wp-content/uploads/2019/12/v7x7Co.png]
[myungjeejung.com/wp-content/uploads/2019/11/EG3xyQTXYAEBi1n-809x1024.jpg]
[myungjeejung.com/wp-content/uploads/2019/11/blue_1-myungjee-410x1024.jpg]
[myungjeejung.com/wp-content/uploads/2019/11/20191130_213756-717x1024.jpg]
[myungjeejung.com/wp-content/uploads/2019/12/Ipad01-1.png]
[myungjeejung.com/wp-content/uploads/2019/11/20191130_213821-1024x700.jpg]
[myungjeejung.com/wp-content/uploads/2019/11/태깹2.png]
[myungjeejung.com/wp-content/uploads/2019/12/Screenshot-415.png]
[myungjeejung.com/wp-content/uploads/2019/11/박태히.jpg]
[myungjeejung.com/wp-content/uploads/2019/11/scan_myungjee.jpg]
[myungjeejung.com/wp-content/uploads/2019/11/다운로드.png]
[myungjeejung.com/wp-content/uploads/2019/11/EDQAZgwXoAI4Gz2-1024x683.jpg]
[myungjeejung.com/wp-content/uploads/2019/11/EDQABVhW4AEuM1O-1024x683.jpg]
[myungjeejung.com/wp-content/uploads/2019/11/EDQABVeXUAU5Wcz-1024x683.jpg]
[myungjeejung.com/wp-content/uploads/2019/11/EDQAZgxW4AA0ZxG.jpg]
[myungjeejung.com/wp-content/uploads/2019/11/EDQABVeXoAAKNb0-683x1024.jpg]
[myungjeejung.com/wp-content/uploads/2019/11/EDQAZgxWwAAdhuV-683x1024.jpg]
[myungjeejung.com/wp-content/uploads/2019/11/EDQCLlaXkAA3yea-1024x683.jpg]
[myungjeejung.com/wp-content/uploads/2019/11/EDQCLlbXsAAypNE-1024x683.jpg]
[myungjeejung.com/wp-content/uploads/2019/11/EDQDjZzX4AEI32A-2-1024x683.jpg]
[myungjeejung.com/wp-content/uploads/2019/12/ELVrdohXsAcKgst.jpg]
[myungjeejung.com/index.html]
[myungjeejung.com/wp-includes/css/dist/block-library/style.min5697.css]
[myungjeejung.com/wp-includes/css/dist/block-library/theme.min5697.css]
[myungjeejung.com/wp-content/plugins/wen-skill-charts/public/css/wen-skill-charts-public563b.css]
[myungjeejung.com/wp-content/themes/twentyseventeen/style8d89.css]
[myungjeejung.com/wp-content/themes/twentyseventeen/assets/css/blocksfbfa.css]
[myungjeejung.com/wp-content/plugins/skt-skill-bar/skill_bar/bar/sbar5697.css]
[myungjeejung.com/wp-content/plugins/skt-skill-bar/skill_bar/circle/jquery.easy-pie-chart5697.css]
[myungjeejung.com/wp-includes/js/jquery/jquery4a5f.js]
[myungjeejung.com/wp-content/plugins/wen-skill-charts/public/js/jquery.appear563b.js]
[myungjeejung.com/wp-content/plugins/wen-skill-charts/public/js/jquery.easypiechart563b.js]
[myungjeejung.com/wp-content/plugins/wen-skill-charts/public/js/wen-skill-charts-public563b.js]
[myungjeejung.com/wp-content/plugins/skt-skill-bar/skill_bar/bar/jquery.appear5697.js]
[myungjeejung.com/wp-json/wp/v2/pages/18.json]
[myungjeejung.com/wp-json/oembed/1.0/embed926a.json]
[myungjeejung.com/wp-json/oembed/1.0/embed6f3e]
[myungjeejung.com/about/index.html]
[myungjeejung.com/wp-json/wp/v2/pages/69.json]
[myungjeejung.com/wp-json/oembed/1.0/embed299b.json]
[myungjeejung.com/wp-json/oembed/1.0/embed88bc]
[myungjeejung.com/portfolio/index.html]
[myungjeejung.com/wp-json/wp/v2/pages/39.json]
[myungjeejung.com/wp-json/oembed/1.0/embed2d0e.json]
[myungjeejung.com/wp-json/oembed/1.0/embed9140]
[myungjeejung.com/hobby/index.html]
[myungjeejung.com/wp-content/themes/twentyseventeen/assets/js/skip-link-focus-fixb448.js]
[myungjeejung.com/wp-content/themes/twentyseventeen/assets/js/navigation6877.js]
[myungjeejung.com/wp-content/themes/twentyseventeen/assets/js/global5841.js]
[myungjeejung.com/wp-content/themes/twentyseventeen/assets/js/jquery.scrollTo431f.js]
[myungjeejung.com/wp-content/plugins/skt-skill-bar/skill_bar/circle/jquery.easy-pie-chartf24c.js]
[myungjeejung.com/wp-content/plugins/skt-skill-bar/skill_bar/circle/customf24c.js]
[myungjeejung.com/wp-content/plugins/skt-skill-bar/skill_bar/gage/justgagef24c.js]
[myungjeejung.com/wp-content/plugins/skt-skill-bar/skill_bar/gage/raphael-2.1.4.minf24c.js]
[myungjeejung.com/wp-includes/js/wp-embed.min5697.js]
[myungjeejung.com/index0735.html]
[myungjeejung.com/indexe2dc.html]
[myungjeejung.com/indexba52.html]
[myungjeejung.com/raphael.html]
